
> learning@0.1.0 build
> react-scripts build

Creating an optimized production build...
Compiled successfully.

File sizes after gzip:

  169.27 kB (-1 B)  cerbyl-b2b-build/static/js/main.e4ee76fa.js
  160.84 kB         cerbyl-b2b-build/static/js/8507.f5bb6450.chunk.js
  156.24 kB         cerbyl-b2b-build/static/js/8185.fee71606.chunk.js
  135.74 kB         cerbyl-b2b-build/static/js/6341.2f28da4f.chunk.js
  86.43 kB          cerbyl-b2b-build/static/js/799.004e727f.chunk.js
  77.25 kB          cerbyl-b2b-build/static/js/5062.36d67949.chunk.js
  72.66 kB          cerbyl-b2b-build/static/js/8970.b5f47c8b.chunk.js
  56.73 kB          cerbyl-b2b-build/static/js/3509.73ac0599.chunk.js
  46.02 kB          cerbyl-b2b-build/static/js/2002.81035a52.chunk.js
  44.62 kB          cerbyl-b2b-build/static/css/2002.3d9e337a.chunk.css
  43.5 kB           cerbyl-b2b-build/static/js/6398.c10656ab.chunk.js
  41.66 kB          cerbyl-b2b-build/static/js/6253.aae24e6d.chunk.js
  38.3 kB           cerbyl-b2b-build/static/js/2474.31b97fc5.chunk.js
  37.54 kB          cerbyl-b2b-build/static/css/5956.d4163d66.chunk.css
  34.23 kB (+18 B)  cerbyl-b2b-build/static/js/1587.1f97269e.chunk.js
  31.87 kB          cerbyl-b2b-build/static/js/8403.73611ecb.chunk.js
  29.92 kB          cerbyl-b2b-build/static/js/5956.518929d3.chunk.js
  28.28 kB          cerbyl-b2b-build/static/css/1161.58c31f4c.chunk.css
  24.28 kB          cerbyl-b2b-build/static/js/1161.eb10cbb8.chunk.js
  23.56 kB          cerbyl-b2b-build/static/js/7686.11386d4a.chunk.js
  22.75 kB (+10 B)  cerbyl-b2b-build/static/css/1587.ca3219f2.chunk.css
  21.68 kB          cerbyl-b2b-build/static/js/1890.37aca6f8.chunk.js
  21.5 kB           cerbyl-b2b-build/static/js/1524.624744ec.chunk.js
  21.44 kB          cerbyl-b2b-build/static/js/1863.3329b1bb.chunk.js
  21.16 kB          cerbyl-b2b-build/static/css/7804.d731379f.chunk.css
  21.04 kB          cerbyl-b2b-build/static/js/1167.a3124d24.chunk.js
  20.07 kB          cerbyl-b2b-build/static/js/3795.9675074e.chunk.js
  19.58 kB          cerbyl-b2b-build/static/css/3832.5b41bf3d.chunk.css
  18.78 kB          cerbyl-b2b-build/static/js/6613.22101479.chunk.js
  18.7 kB           cerbyl-b2b-build/static/css/8891.f291a0c4.chunk.css
  18.68 kB          cerbyl-b2b-build/static/js/4333.d664765a.chunk.js
  18.54 kB          cerbyl-b2b-build/static/js/1380.9434ff4c.chunk.js
  17.91 kB          cerbyl-b2b-build/static/css/4650.33af7af0.chunk.css
  17.13 kB          cerbyl-b2b-build/static/js/3832.161be4c0.chunk.js
  16.99 kB          cerbyl-b2b-build/static/js/2010.4db67c61.chunk.js
  16.75 kB          cerbyl-b2b-build/static/js/2334.41dcfb25.chunk.js
  16.72 kB          cerbyl-b2b-build/static/js/4818.0ee6af5f.chunk.js
  16.31 kB          cerbyl-b2b-build/static/js/6466.7ab342b3.chunk.js
  15.61 kB          cerbyl-b2b-build/static/js/4129.eeca1e38.chunk.js
  15.47 kB          cerbyl-b2b-build/static/js/4650.b92260e6.chunk.js
  15.11 kB          cerbyl-b2b-build/static/css/252.b925b5f0.chunk.css
  14.67 kB          cerbyl-b2b-build/static/css/8454.b26d2c27.chunk.css
  13.87 kB          cerbyl-b2b-build/static/js/7804.1959b4b9.chunk.js
  13.78 kB          cerbyl-b2b-build/static/js/9223.e4d6243b.chunk.js
  13.61 kB          cerbyl-b2b-build/static/js/8044.323f7ff3.chunk.js
  13.5 kB           cerbyl-b2b-build/static/js/4743.fa88fd5f.chunk.js
  13.25 kB          cerbyl-b2b-build/static/js/3800.27a51ab5.chunk.js
  13.08 kB          cerbyl-b2b-build/static/css/1195.7fed41e1.chunk.css
  13 kB             cerbyl-b2b-build/static/css/4333.e3cb8069.chunk.css
  12.5 kB           cerbyl-b2b-build/static/js/3363.3bdbb1f5.chunk.js
  12.35 kB          cerbyl-b2b-build/static/css/3800.38c28ac6.chunk.css
  12.1 kB           cerbyl-b2b-build/static/css/main.d55cb668.css
  11.87 kB          cerbyl-b2b-build/static/js/2718.7d12554f.chunk.js
  11.83 kB          cerbyl-b2b-build/static/js/3738.64c7e671.chunk.js
  11.5 kB           cerbyl-b2b-build/static/css/3363.d87ebfdc.chunk.css
  11.42 kB          cerbyl-b2b-build/static/js/1801.4eafb7be.chunk.js
  11.27 kB          cerbyl-b2b-build/static/js/8235.b038fe9e.chunk.js
  11.18 kB          cerbyl-b2b-build/static/js/5176.372d376c.chunk.js
  11.16 kB          cerbyl-b2b-build/static/js/6280.3e6c2e30.chunk.js
  11.1 kB           cerbyl-b2b-build/static/js/1015.5aefc1e2.chunk.js
  11.01 kB          cerbyl-b2b-build/static/js/5160.01288262.chunk.js
  10.59 kB          cerbyl-b2b-build/static/js/8891.8cafb15e.chunk.js
  10.48 kB          cerbyl-b2b-build/static/js/7571.bf61c87e.chunk.js
  10.48 kB          cerbyl-b2b-build/static/js/4814.bdf1c8f6.chunk.js
  10.46 kB          cerbyl-b2b-build/static/js/7082.32680ad4.chunk.js
  10.27 kB          cerbyl-b2b-build/static/js/6556.1964e2ad.chunk.js
  10.22 kB          cerbyl-b2b-build/static/js/9504.ff443783.chunk.js
  10.03 kB          cerbyl-b2b-build/static/js/2749.18360a9b.chunk.js
  9.91 kB           cerbyl-b2b-build/static/js/3833.18e68ffa.chunk.js
  9.87 kB           cerbyl-b2b-build/static/js/2764.96d147a5.chunk.js
  9.86 kB           cerbyl-b2b-build/static/js/7588.d0eeb091.chunk.js
  9.82 kB           cerbyl-b2b-build/static/js/4147.c047395d.chunk.js
  9.68 kB           cerbyl-b2b-build/static/css/3738.e8144e53.chunk.css
  9.4 kB            cerbyl-b2b-build/static/css/4644.8bed7486.chunk.css
  9.27 kB           cerbyl-b2b-build/static/js/1994.0ae1a388.chunk.js
  9.19 kB           cerbyl-b2b-build/static/js/8564.2000c4ac.chunk.js
  9.02 kB           cerbyl-b2b-build/static/js/3472.fb359481.chunk.js
  9.01 kB           cerbyl-b2b-build/static/js/6090.04680159.chunk.js
  8.67 kB           cerbyl-b2b-build/static/js/252.5d30abce.chunk.js
  8.65 kB           cerbyl-b2b-build/static/js/5997.9e03aa68.chunk.js
  8.64 kB           cerbyl-b2b-build/static/js/7815.ed75d7f3.chunk.js
  8.64 kB           cerbyl-b2b-build/static/js/1284.4ac75ede.chunk.js
  8.63 kB           cerbyl-b2b-build/static/js/9494.9e3a1c09.chunk.js
  8.51 kB           cerbyl-b2b-build/static/js/2368.f3201b54.chunk.js
  8.46 kB           cerbyl-b2b-build/static/js/505.6b030000.chunk.js
  8.36 kB           cerbyl-b2b-build/static/js/8061.07c68034.chunk.js
  8.34 kB           cerbyl-b2b-build/static/css/8061.f8a1b390.chunk.css
  8.32 kB           cerbyl-b2b-build/static/js/1894.6ee209eb.chunk.js
  8.24 kB           cerbyl-b2b-build/static/js/5656.197851b0.chunk.js
  8.06 kB           cerbyl-b2b-build/static/js/4533.27195ccc.chunk.js
  7.97 kB           cerbyl-b2b-build/static/js/9155.86c8139f.chunk.js
  7.74 kB           cerbyl-b2b-build/static/js/9151.b2368434.chunk.js
  7.51 kB           cerbyl-b2b-build/static/js/3032.1ac539f5.chunk.js
  7.46 kB           cerbyl-b2b-build/static/js/7365.9b4ad1e6.chunk.js
  7.36 kB           cerbyl-b2b-build/static/js/685.27e4d605.chunk.js
  7.26 kB           cerbyl-b2b-build/static/js/3916.7997ed48.chunk.js
  6.98 kB           cerbyl-b2b-build/static/css/2689.f59e409b.chunk.css
  6.94 kB           cerbyl-b2b-build/static/js/8648.37cf61f1.chunk.js
  6.78 kB           cerbyl-b2b-build/static/js/8527.ccb9637f.chunk.js
  6.75 kB           cerbyl-b2b-build/static/js/3036.696cd5aa.chunk.js
  6.72 kB           cerbyl-b2b-build/static/css/1801.5ba40efb.chunk.css
  6.72 kB           cerbyl-b2b-build/static/css/3658.cd494319.chunk.css
  6.67 kB           cerbyl-b2b-build/static/js/1189.25489574.chunk.js
  6.57 kB           cerbyl-b2b-build/static/css/4147.8344115a.chunk.css
  6.4 kB            cerbyl-b2b-build/static/js/2689.a3a251b8.chunk.js
  6.37 kB           cerbyl-b2b-build/static/js/6845.175df583.chunk.js
  6.27 kB           cerbyl-b2b-build/static/css/4161.cebb5ec0.chunk.css
  6.12 kB           cerbyl-b2b-build/static/css/5830.ce4472c8.chunk.css
  6.03 kB           cerbyl-b2b-build/static/js/4161.a8cf682f.chunk.js
  6 kB              cerbyl-b2b-build/static/js/3658.f69a511f.chunk.js
  5.97 kB           cerbyl-b2b-build/static/css/2557.5bcfe5da.chunk.css
  5.86 kB           cerbyl-b2b-build/static/js/4990.202168d0.chunk.js
  5.85 kB           cerbyl-b2b-build/static/js/460.b1493a36.chunk.js
  5.78 kB           cerbyl-b2b-build/static/js/6623.388db113.chunk.js
  5.65 kB           cerbyl-b2b-build/static/js/862.37ad420e.chunk.js
  5.58 kB           cerbyl-b2b-build/static/css/7686.8e1297c6.chunk.css
  5.58 kB           cerbyl-b2b-build/static/js/5830.89087cbb.chunk.js
  5.56 kB           cerbyl-b2b-build/static/css/9151.29521901.chunk.css
  5.34 kB           cerbyl-b2b-build/static/css/8564.bbabbeee.chunk.css
  5.29 kB           cerbyl-b2b-build/static/css/9494.63bddeb6.chunk.css
  5.25 kB           cerbyl-b2b-build/static/js/452.6770a5dd.chunk.js
  5.19 kB           cerbyl-b2b-build/static/js/6261.24f908da.chunk.js
  5.18 kB           cerbyl-b2b-build/static/js/8408.adcbec25.chunk.js
  5.11 kB           cerbyl-b2b-build/static/css/9223.b2fc7c35.chunk.css
  5.1 kB            cerbyl-b2b-build/static/css/6556.96da0636.chunk.css
  5.05 kB           cerbyl-b2b-build/static/js/6855.75508bcf.chunk.js
  4.89 kB           cerbyl-b2b-build/static/css/6623.33894b22.chunk.css
  4.81 kB           cerbyl-b2b-build/static/js/9598.3e303592.chunk.js
  4.8 kB            cerbyl-b2b-build/static/css/8527.daea85ba.chunk.css
  4.74 kB           cerbyl-b2b-build/static/js/8707.e950f2ca.chunk.js
  4.68 kB           cerbyl-b2b-build/static/js/4549.aa56a471.chunk.js
  4.64 kB           cerbyl-b2b-build/static/js/4460.38e66caa.chunk.js
  4.61 kB           cerbyl-b2b-build/static/js/4921.553b2ee2.chunk.js
  4.53 kB           cerbyl-b2b-build/static/css/4460.1ceffa49.chunk.css
  4.46 kB           cerbyl-b2b-build/static/js/9953.808cba66.chunk.js
  4.4 kB            cerbyl-b2b-build/static/css/6549.e38421c9.chunk.css
  4.39 kB           cerbyl-b2b-build/static/js/2733.b04f231f.chunk.js
  4.39 kB           cerbyl-b2b-build/static/js/3678.ce9e8e1d.chunk.js
  4.39 kB           cerbyl-b2b-build/static/css/3032.08f3237e.chunk.css
  4.38 kB           cerbyl-b2b-build/static/js/9648.8a68cb62.chunk.js
  4.38 kB           cerbyl-b2b-build/static/js/405.1d369573.chunk.js
  4.38 kB           cerbyl-b2b-build/static/css/9155.06e34dfe.chunk.css
  4.32 kB           cerbyl-b2b-build/static/css/5062.a8469e29.chunk.css
  4.31 kB           cerbyl-b2b-build/static/css/8648.329d8eea.chunk.css
  4.27 kB           cerbyl-b2b-build/static/js/9038.daf04391.chunk.js
  4.27 kB           cerbyl-b2b-build/static/js/3256.14275be2.chunk.js
  4.19 kB           cerbyl-b2b-build/static/css/9250.a3994a78.chunk.css
  4.17 kB           cerbyl-b2b-build/static/css/6090.aa126df8.chunk.css
  4.04 kB           cerbyl-b2b-build/static/js/4425.526d0236.chunk.js
  4.01 kB           cerbyl-b2b-build/static/css/862.d190c596.chunk.css
  3.97 kB           cerbyl-b2b-build/static/js/5234.80860ed6.chunk.js
  3.88 kB           cerbyl-b2b-build/static/js/1919.30fd517d.chunk.js
  3.68 kB           cerbyl-b2b-build/static/js/71.1645907b.chunk.js
  3.67 kB           cerbyl-b2b-build/static/js/8872.30b7c31d.chunk.js
  3.65 kB           cerbyl-b2b-build/static/js/4505.49bfd6d9.chunk.js
  3.65 kB           cerbyl-b2b-build/static/css/3509.0525a4e2.chunk.css
  3.61 kB           cerbyl-b2b-build/static/js/6567.a9e1dc66.chunk.js
  3.48 kB           cerbyl-b2b-build/static/js/9250.4e9051ff.chunk.js
  3.44 kB           cerbyl-b2b-build/static/css/4533.5c9a4c52.chunk.css
  3.41 kB           cerbyl-b2b-build/static/js/2940.73a832d0.chunk.js
  3.34 kB           cerbyl-b2b-build/static/js/5455.6b420c29.chunk.js
  3.29 kB           cerbyl-b2b-build/static/css/6280.4b9b89e8.chunk.css
  3.21 kB           cerbyl-b2b-build/static/css/1894.ca15d420.chunk.css
  3.2 kB            cerbyl-b2b-build/static/css/3833.0687b556.chunk.css
  3.1 kB            cerbyl-b2b-build/static/css/7815.04b32d39.chunk.css
  3.07 kB           cerbyl-b2b-build/static/css/2940.1c63f82a.chunk.css
  3.04 kB           cerbyl-b2b-build/static/css/5160.7bdd43a1.chunk.css
  3 kB              cerbyl-b2b-build/static/css/5455.8e817e93.chunk.css
  2.97 kB           cerbyl-b2b-build/static/css/460.5465727f.chunk.css
  2.84 kB           cerbyl-b2b-build/static/js/3740.cce0367f.chunk.js
  2.82 kB           cerbyl-b2b-build/static/css/5997.b9f6db20.chunk.css
  2.81 kB           cerbyl-b2b-build/static/css/7571.842bc536.chunk.css
  2.8 kB            cerbyl-b2b-build/static/js/133.0b4a50e3.chunk.js
  2.77 kB           cerbyl-b2b-build/static/js/8931.23966f8f.chunk.js
  2.71 kB           cerbyl-b2b-build/static/css/3256.6db3286c.chunk.css
  2.7 kB            cerbyl-b2b-build/static/css/9038.0a9018c1.chunk.css
  2.63 kB           cerbyl-b2b-build/static/css/8473.5464f99b.chunk.css
  2.45 kB           cerbyl-b2b-build/static/js/2228.2baef605.chunk.js
  2.39 kB           cerbyl-b2b-build/static/css/1919.2869b194.chunk.css
  2.39 kB           cerbyl-b2b-build/static/css/4505.2869b194.chunk.css
  2.37 kB           cerbyl-b2b-build/static/css/6613.b63c68ff.chunk.css
  2.35 kB           cerbyl-b2b-build/static/js/8923.6f2e8044.chunk.js
  2.34 kB           cerbyl-b2b-build/static/js/9898.2382ba9e.chunk.js
  2.27 kB           cerbyl-b2b-build/static/css/452.6dc05be7.chunk.css
  2.21 kB           cerbyl-b2b-build/static/css/7576.dfa3c87b.chunk.css
  2.17 kB           cerbyl-b2b-build/static/js/5676.def75c05.chunk.js
  2.11 kB           cerbyl-b2b-build/static/js/7604.2f485bdb.chunk.js
  1.9 kB            cerbyl-b2b-build/static/js/8473.3a53d396.chunk.js
  1.87 kB           cerbyl-b2b-build/static/css/8923.8d6ca01c.chunk.css
  1.8 kB            cerbyl-b2b-build/static/js/7507.743f6c0c.chunk.js
  1.78 kB           cerbyl-b2b-build/static/css/2.396a7188.chunk.css
  1.78 kB           cerbyl-b2b-build/static/css/4425.396a7188.chunk.css
  1.75 kB           cerbyl-b2b-build/static/css/1015.a13c00c3.chunk.css
  1.75 kB           cerbyl-b2b-build/static/css/2437.a13c00c3.chunk.css
  1.72 kB           cerbyl-b2b-build/static/css/1284.c5ef882c.chunk.css
  1.57 kB           cerbyl-b2b-build/static/css/9104.5914e802.chunk.css
  1.5 kB            cerbyl-b2b-build/static/js/7576.741e8263.chunk.js
  1.43 kB           cerbyl-b2b-build/static/js/854.3799d169.chunk.js
  1.35 kB           cerbyl-b2b-build/static/js/590.17878e38.chunk.js
  1.23 kB           cerbyl-b2b-build/static/js/9104.5f2304b5.chunk.js
  1.12 kB           cerbyl-b2b-build/static/css/2228.b39daf62.chunk.css
  1.12 kB           cerbyl-b2b-build/static/css/7507.b39daf62.chunk.css
  1.12 kB           cerbyl-b2b-build/static/css/7575.b39daf62.chunk.css
  1.04 kB           cerbyl-b2b-build/static/css/590.63db9f1b.chunk.css
  946 B             cerbyl-b2b-build/static/css/8931.bec14fbf.chunk.css
  918 B             cerbyl-b2b-build/static/js/524.66c699f5.chunk.js
  902 B             cerbyl-b2b-build/static/js/567.5b246fe4.chunk.js
  877 B             cerbyl-b2b-build/static/js/7575.2f7711a5.chunk.js
  870 B             cerbyl-b2b-build/static/js/617.6e41c3b1.chunk.js
  864 B             cerbyl-b2b-build/static/css/5100.3e39c59f.chunk.css
  845 B             cerbyl-b2b-build/static/js/9210.983e3441.chunk.js
  798 B             cerbyl-b2b-build/static/css/854.08afc3a5.chunk.css
  745 B             cerbyl-b2b-build/static/js/2711.cc584641.chunk.js
  729 B             cerbyl-b2b-build/static/css/980.1cf4f574.chunk.css
  630 B             cerbyl-b2b-build/static/js/4665.75e759d5.chunk.js
  584 B             cerbyl-b2b-build/static/css/8707.30de0c4b.chunk.css
  573 B             cerbyl-b2b-build/static/js/2151.2704b7bc.chunk.js
  513 B             cerbyl-b2b-build/static/js/980.352b7469.chunk.js
  413 B             cerbyl-b2b-build/static/js/9938.2fbcd6b0.chunk.js
  365 B             cerbyl-b2b-build/static/js/3629.35058751.chunk.js
  314 B             cerbyl-b2b-build/static/js/3108.d75d745e.chunk.js
  314 B             cerbyl-b2b-build/static/js/6112.1fba6d74.chunk.js
  309 B             cerbyl-b2b-build/static/js/9455.1986545a.chunk.js
  216 B             cerbyl-b2b-build/static/js/9123.40049548.chunk.js
  203 B             cerbyl-b2b-build/static/js/2338.4d9b1dd6.chunk.js
  157 B             cerbyl-b2b-build/static/js/5121.4e1728db.chunk.js
  157 B             cerbyl-b2b-build/static/js/2849.676f0304.chunk.js
  157 B             cerbyl-b2b-build/static/js/9771.c258ad3c.chunk.js
  156 B             cerbyl-b2b-build/static/js/3788.c5b0227d.chunk.js
  155 B             cerbyl-b2b-build/static/js/6536.d608dbc0.chunk.js
  154 B             cerbyl-b2b-build/static/js/3662.32b33409.chunk.js
  154 B             cerbyl-b2b-build/static/js/3902.ecd4d9a1.chunk.js
  153 B             cerbyl-b2b-build/static/js/9240.d3ced364.chunk.js
  152 B             cerbyl-b2b-build/static/js/6260.6f695b6f.chunk.js
  152 B             cerbyl-b2b-build/static/js/5701.ad7b9ef1.chunk.js
  152 B             cerbyl-b2b-build/static/js/8391.d4dbccb1.chunk.js
  152 B             cerbyl-b2b-build/static/js/5595.f00b535b.chunk.js
  151 B             cerbyl-b2b-build/static/js/2346.464debc5.chunk.js
  151 B             cerbyl-b2b-build/static/js/1223.3334eb06.chunk.js
  150 B             cerbyl-b2b-build/static/js/5568.6d6507a5.chunk.js

The project was built assuming it is hosted at /.
You can control this with the homepage field in your package.json.

The ../../../tmp/cerbyl-b2b-build folder is ready to be deployed.
You may serve it with a static server:

  npm install -g serve
  serve -s ../../../tmp/cerbyl-b2b-build

Find out more about deployment here:

  https://cra.link/deployment

